18-32-634
38-32-637
16-26-545
25-44-904
18-2-44
18-2-42
41-36-937
18-35-693
3-35-679
18-22-455
18-22-462
25-22-441
28-32-632
2-32-634
44-32-637
16-38-975
11-38-983
14-3-83
14-3-88
14-3-71
14-3-64
38-15-328
14-15-334
38-15-341
3-15-319
8-41-779
18-41-793
46-41-768
24-6-243
38-6-127
46-6-135
48-7-119
28-7-92
18-26-544
13-26-545
3-26-552
45-26-537
48-26-528
14-28-849
36-44-901
14-44-896
18-13-304
28-14-276
3-45-1001
16-45-1004
3-45-997
14-18-375
46-5-254
8-25-504
44-25-500
11-2-51
18-2-58
16-2-42
16-2-32
26-42-813
3-42-819
38-42-825
22-19-426
49-48-1063
14-48-1069
13-48-1075
36-48-1051
46-11-233
4-11-925
32-36-949
18-36-951
14-36-937
18-8-209
35-8-214
39-35-693
14-35-695
14-35-704
14-35-685
48-35-679
18-46-1035
14-49-1090
34-49-1098
48-34-660
14-34-665
13-34-671
43-34-655
18-24-479
13-24-496
16-40-750
19-40-758
18-43-879
32-43-861
18-16-353
38-16-349
43-39-720
16-39-724
25-39-731
5-39-717
15-39-707
26-27-599
13-27-607
2-27-589
16-4-175
15-4-182
22-4-187
34-4-167
48-4-161
35-22-454
8-22-455
40-22-462
38-32-637
11-18-375
18-2-42
41-36-937
13-32-642
19-38-979
49-3-68
25-15-330
38-14-277
40-45-1009
46-48-1065
18-11-916
27-11-236
41-36-939
43-36-948
13-43-874
25-16-369
16-39-725
43-22-464
32-22-437
18-32-633
45-32-642
19-38-979
45-38-981
25-15-330
40-41-787
3-6-138
35-7-120
18-28-845
35-44-886
16-13-313
14-13-286
38-14-277
46-45-1012
3-2-49
19-2-56
18-2-37
36-2-36
35-19-423
3-48-1074
3-11-916
3-11-236
3-8-208
19-8-212
3-35-694
40-35-700
40-35-678
14-46-1038
3-46-1044
3-49-1094
44-24-493
18-43-874
3-16-369
25-39-723
3-39-725
40-39-734
40-39-708
38-27-600
16-4-173
39-4-178
44-22-457
49-22-447
3-32-640
14-38-980
25-7-116
48-28-847
26-44-914
11-14-274
18-2-39
25-48-1068
14-48-1071
25-36-947
3-35-688
18-35-696
18-46-1033
14-46-1039
14-34-675
22-43-880
14-22-465
41-22-446
3-32-640
16-3-90
41-15-337
8-15-344
6-26-546
18-26-554
14-45-1015
16-45-989
18-2-46
3-48-1068
18-11-232
18-35-696
18-46-1033
36-46-1039
49-46-1045
14-49-1101
3-34-652
18-39-726
40-39-733
36-27-603
48-4-160
44-22-458
25-22-465
40-22-446
13-44-914
2-18-378
18-35-696
15-46-1033
36-46-1039
41-22-446
48-32-641
44-3-86
16-15-316
22-6-238
44-6-123
13-28-844
43-44-915
46-14-278
25-48-1066
49-48-1046
43-36-946
35-36-950
36-8-216
3-35-684
3-46-1041
13-34-656
18-16-362
48-16-367
44-22-438
18-32-641
40-3-86
36-15-336
18-15-316
18-6-238
44-6-244
14-6-123
14-28-844
43-44-915
18-13-314
49-14-278
18-2-57
22-19-433
40-48-1066
14-48-1070
49-48-1046
3-35-697
18-35-702
45-46-1036
40-46-1041
40-43-875
40-43-862
40-16-367
18-39-721
18-39-729
5-39-732
40-39-711
40-4-181
44-4-169
11-4-159
27-22-448
25-22-438
22-16-367
13-28-846
25-13-295
24-13-288
46-48-1064
11-48-1072
19-8-204
25-8-215
19-46-1042
36-43-878
18-39-728
16-22-466
25-32-636
14-32-638
14-38-984
16-3-87
16-15-340
3-6-139
18-28-846
18-13-295
25-2-43
3-2-55
45-8-204
18-8-215
18-8-192
3-35-690
18-35-703
16-46-1037
44-46-1042
14-49-1105
40-43-878
18-39-719
11-39-728
2-39-735
49-27-601
3-4-174
44-4-177
49-4-183
16-4-170
44-4-162
38-22-456
16-22-466
43-44-910
42-8-204
13-8-215
27-46-1042
18-32-644
22-6-238
16-7-115
26-14-278
40-25-511
18-2-43
25-48-1066
18-11-916
18-16-362
18-39-727
35-22-451
35-22-461
18-32-635
16-32-644
3-41-788
40-41-791
22-6-238
40-7-107
40-7-115
16-26-548
18-28-845
16-44-901
34-44-905
18-44-913
18-14-278
3-45-1009
19-45-1015
49-25-511
18-2-52
14-2-60
27-19-423
40-19-433
14-48-1063
34-48-1066
40-11-230
3-11-916
8-36-942
36-8-212
24-35-692
39-46-1044
3-49-1094
49-34-662
36-34-671
40-24-485
40-43-868
18-16-373
19-39-723
18-39-727
44-4-177
4-22-451
3-22-457
16-22-461
15-7-115
48-25-511
3-32-640
38-32-637
25-44-904
35-44-914
48-11-922
43-36-946
3-35-690
19-46-1042
36-43-873
36-43-878
18-22-459
40-32-640
18-32-637
3-6-244
40-7-120
18-26-555
25-44-904
38-14-277
25-45-1004
18-2-46
18-2-58
40-19-426
14-48-1069
18-11-235
41-36-946
18-8-214
18-35-690
44-46-1042
14-34-663
18-34-666
35-34-673
44-43-884
18-39-721
28-39-729
16-4-171
22-4-183
18-22-459
38-32-637
13-44-914
27-46-1042
39-34-666
3-34-673
26-43-884
44-3-86
25-15-330
43-44-915
46-48-1065
25-36-947
35-8-213
18-35-696
3-46-1041
14-34-675
13-22-465
25-38-983
7-15-330
16-15-336
25-14-273
40-2-47
18-2-51
32-2-59
44-36-940
40-8-213
18-35-696
40-35-703
40-46-1034
16-46-1041
40-39-722
18-39-726
40-39-731
16-4-176
44-3-86
22-35-696
48-32-641
13-32-642
40-7-104
3-44-903
44-13-301
18-2-48
11-48-1072
18-11-237
43-36-944
19-8-204
25-8-215
44-35-688
18-46-1043
22-34-660
25-16-369
18-39-728
35-22-454
18-32-641
19-32-642
16-3-87
14-15-331
14-15-340
40-6-241
40-7-104
15-7-119
14-44-903
44-13-306
18-13-313
18-45-1014
18-2-48
25-42-811
18-11-232
14-36-944
18-8-215
14-35-688
14-35-694
14-35-702
18-46-1036
32-46-1043
14-34-660
14-34-665
11-34-672
25-24-494
25-43-869
16-39-719
18-39-728
3-27-599
19-27-601
44-4-172
13-22-454
18-22-460
43-44-910
22-11-237
42-8-204
13-8-215
36-28-846
19-44-912
25-48-1068
18-11-924
41-36-939
36-8-216
6-35-693
18-46-1033
45-46-1045
3-49-1099
3-34-668
16-39-725
35-22-452
18-22-462
18-32-636
14-38-984
16-3-90
8-15-344
18-6-131
44-26-547
18-28-846
35-13-312
8-42-813
40-48-1068
14-48-1070
41-36-939
40-36-950
40-35-697
40-35-705
16-46-1033
18-46-1037
40-34-668
44-43-875
18-39-720
3-39-725
40-39-732
18-27-598
16-4-173
40-4-181
25-22-452
38-22-456
14-22-462
48-28-846
25-44-912
15-46-1033
43-34-668
32-2-44
15-36-949
46-16-367
18-39-727
18-32-635
32-2-44
18-2-49
25-19-426
49-11-917
25-35-693
18-39-727
32-2-44
46-16-367
28-32-641
3-44-903
40-25-511
18-2-48
18-11-237
36-43-878
18-22-459
44-32-632
11-32-641
18-2-48
14-35-692
44-4-177
18-22-459
3-25-511
22-11-237
13-34-666
28-32-640
18-6-238
13-28-844
44-48-1066
14-35-689
32-28-844
18-2-46
14-35-689
16-46-1034
16-24-482
16-39-722
16-39-729
18-27-603
18-22-454
25-28-846
43-44-904
41-36-939
3-49-1099
18-39-728
25-22-451
18-22-455
25-15-337
18-28-846
18-11-232
40-39-721
18-39-728
13-22-455
48-28-846
11-46-1029
36-38-979
25-15-330
25-41-784
40-7-104
48-28-847
18-2-43
43-36-946
45-8-204
3-35-690
25-46-1039
14-34-660
18-39-725
18-32-633
25-38-979
25-15-330
25-7-104
16-19-423
14-36-943
18-8-204
44-35-690
3-46-1030
25-46-1039
25-34-660
32-39-720
25-39-725
44-27-599
44-4-174
42-8-204
48-35-690
25-46-1039
36-34-660
25-15-330
3-35-690
18-46-1033
36-15-330
18-19-422
3-35-690
18-46-1033
40-34-659
18-39-723
15-46-1033
3-44-903
18-2-48
44-35-688
24-22-450
18-6-131
18-2-48
36-42-813
14-34-660
36-34-660
11-2-44
36-43-873
44-2-44
3-27-595
32-2-44
14-35-689
14-22-452
14-35-689
18-39-721
3-27-599
44-22-452
18-35-689
40-7-104
40-25-511
18-11-233
41-36-939
45-8-204
18-35-693
18-16-362
24-22-451
40-7-104
40-25-511
18-2-43
40-36-939
18-8-204
18-35-693
18-16-362
3-25-511
42-8-204
44-32-644
11-45-1014
41-36-939
41-36-949
40-8-204
36-8-215
26-45-1014
41-36-939
45-8-204
16-8-215
38-46-1034
44-46-1043
27-8-215
38-45-1013
36-8-212
16-46-1041
16-32-634
16-46-1041
16-15-342
11-6-238
40-45-1009
26-11-916
41-36-937
36-8-216
38-46-1039
16-32-635
45-46-1039
41-36-937
36-46-1039
38-32-637
36-15-330
16-26-545
26-11-237
27-11-236
44-36-946
11-16-367
36-15-330
32-11-232
16-36-946
40-16-367
38-32-637
26-11-237
38-16-367
16-32-640
38-32-642
16-38-979
46-38-980
44-6-123
26-44-914
32-46-1033
11-32-640
16-15-331
16-6-247
44-6-123
40-26-554
46-45-1004
40-8-213
36-8-192
16-46-1044
44-32-640
15-46-1033
26-11-916
41-36-939
36-8-213
44-46-1033
38-46-1034
40-15-331
40-15-337
41-36-939
40-8-213
38-46-1034
15-46-1033
6-11-923
40-8-204
46-8-215
8-15-344
26-45-1015
45-8-204
16-46-1044
27-8-204
27-8-215
16-46-1044
44-32-640
36-15-330
32-11-237
27-11-236
41-36-949
36-8-216
26-46-1039
11-16-367
11-32-642
11-38-983
36-15-330
11-6-131
36-46-1039
40-16-367
26-11-237
36-46-1039
38-16-367
40-38-979
36-8-214
16-32-641
38-32-637
44-36-946
44-46-1042
40-32-641
44-32-637
46-45-1004
44-36-950
44-46-1042
38-32-637
27-46-1042
16-32-641
26-11-237
44-27-599
26-11-237
40-38-979
36-15-330
41-36-939
40-15-330
40-36-939
40-36-949
44-32-640
46-16-367
16-15-331
40-45-1004
46-16-367
40-8-204
16-32-633
44-6-243
36-8-204
27-8-204
11-6-238
26-11-916
44-36-946
44-46-1033
40-36-946
27-36-946
15-46-1033
36-15-330
45-8-204
36-8-204
27-8-204
40-16-360
44-16-360
41-36-939
16-46-1033
41-36-939
16-46-1033
15-46-1033
36-13-295
40-36-949
26-6-238
40-36-939
40-36-939
40-13-290
13-36-946
13-36-946
26-36-944
26-6-238
13-26-545
40-36-949
26-6-238
40-36-939
40-36-939
40-36-939
40-7-104
18-2-50
36-43-869
43-36-946
18-39-725
14-3-68
14-34-675
46-28-844
14-3-65
22-6-238
19-38-979
18-16-362
41-36-937
22-32-642
46-13-306
36-39-733
14-46-1039
18-28-855
18-11-233
40-2-50
18-2-57
16-36-946
18-39-725
18-13-304
18-2-35
14-3-68
32-28-844
32-13-307
40-39-715
40-35-678
40-2-47
13-2-52
18-13-308
44-6-244
19-38-979
18-41-793
18-45-1014
40-39-711
18-2-60
7-26-552
11-32-634
3-45-1010
18-2-37
11-32-642
18-39-732
3-2-55
18-13-306
35-32-626
18-39-733
14-4-160
16-7-120
13-4-167
18-46-1039
40-39-730
25-7-119
44-4-168
18-27-603
16-46-1040
41-36-937
36-46-1039
35-22-461
35-22-452
11-16-367
19-46-1042
41-36-939
36-43-878
18-39-728
14-3-61
32-38-983
25-22-441
38-22-466
32-22-437
14-38-985
18-11-924
43-22-464
45-46-1045
18-11-917
44-4-159
18-32-643
16-18-386
18-25-518
27-22-448
4-22-461
40-16-367
44-6-136
44-4-171
18-6-131
44-46-1042
40-2-49
42-15-344
45-43-878
44-4-181
44-19-432
45-8-202
18-8-212
25-7-97
14-39-728
16-26-555
3-26-545
18-38-983
18-39-735
18-14-268
35-15-339
25-22-441
44-15-341
14-4-161
44-4-182
27-2-42
46-26-527
25-32-635
35-7-110
45-15-334
18-25-500
16-26-554
11-4-173
44-22-443
14-22-437
46-38-985
3-40-762
11-4-162
44-4-177
7-38-976
18-38-984
3-46-1045
34-18-401
18-40-761
18-13-311
38-16-367
27-46-1042
41-36-939
26-43-884
36-43-876
24-22-442
25-44-904
40-8-204
18-2-46
24-13-288
35-36-950
18-2-43
36-43-874
14-46-1038
35-6-247
19-44-912
11-14-274
3-35-684
44-19-410
18-2-39
25-13-295
25-26-544
25-22-442
40-39-731
32-13-314
22-4-183
36-8-204
18-2-46
25-46-1030
44-42-801
16-3-87
3-27-595
11-2-32
34-41-786
25-2-43
18-8-192
3-43-874
3-46-1044
22-45-989
45-46-1038
44-22-457
34-35-697
35-6-247
16-35-698
3-14-274
11-2-31
16-35-702
27-24-493
25-22-445
36-27-601
18-34-652
25-15-337
3-34-655
24-19-410
18-3-83
16-15-340
36-13-295
32-22-453
43-42-825
13-15-318
2-39-721
18-35-703
32-22-447
42-8-204
3-34-673
2-18-378
14-46-1034
11-39-727
35-4-188
27-11-236
18-22-459
3-35-679
16-15-316
6-3-62
25-16-369
35-44-914
25-15-330
41-22-446
18-32-641
13-28-846
44-3-86
18-22-455
25-8-215
18-34-668
44-6-123
35-8-213
18-46-1037
40-46-1034
18-39-727
16-4-188
18-32-633
18-11-236
18-26-538
18-39-719
18-46-1036
28-39-724
40-3-85
14-34-653
18-22-459
46-45-1004
7-15-336
13-15-338
16-38-975
16-3-62
3-38-978
40-39-734
18-11-232
18-15-330
18-35-693
18-45-1006
35-22-446
16-32-641
18-28-846
14-2-51
27-43-875
6-26-547
40-39-709
26-22-455
18-39-723
3-8-215
11-4-166
3-35-694
18-19-433
3-28-845
14-6-123
3-27-607
25-44-906
36-8-213
13-44-914
41-22-446
27-8-215
38-32-638
18-11-916
43-44-915
22-43-880
46-14-278
18-46-1033
16-15-342
18-35-696
13-46-1043
13-22-465
38-32-639
3-32-640
25-7-116
38-32-637
46-38-980
44-22-438
25-36-947
44-28-848
16-7-115
18-11-237
25-46-1041
18-22-462
14-32-638
3-27-600
44-4-169
18-11-916
43-44-915
18-16-360
18-14-278
16-3-90
27-6-139
16-39-729
18-22-460
18-13-313
40-43-862
44-6-240
18-35-696
25-36-949
3-46-1021
32-16-374
46-6-124
3-28-841
25-22-465
14-32-639
18-39-720
16-39-712
18-39-726
14-35-680
18-32-640
18-8-214
35-19-423
44-32-637
25-22-438
6-28-848
18-7-115
46-14-273
25-32-636
18-11-237
16-46-1041
6-26-546
25-22-458
3-36-954
16-22-462
18-2-56
11-18-375
15-46-1033
18-35-696
38-32-637
15-7-115
22-11-237
44-3-86
41-22-446
36-39-731
25-7-116
13-28-846
14-34-675
16-15-342
3-35-679
38-32-637
36-39-733
35-22-461
24-34-667
25-38-979
25-22-441
18-2-49
18-39-728
18-39-727
40-39-734
35-44-906
35-3-86
45-32-632
44-22-446
40-39-731
6-39-730
13-41-785
44-4-172
16-4-173
44-36-940
18-34-665
18-28-846
40-7-113
35-43-876
35-39-732
44-22-456
44-4-169
14-35-679
45-26-546
18-26-538
27-22-447
19-15-339
3-39-714
14-32-637
18-39-733
11-22-461
44-32-633
18-34-664
44-19-433
44-25-511
44-6-136
40-39-709
11-22-437
3-15-343
14-13-313
18-2-49
16-39-722
16-3-71
36-5-251
18-2-51
41-15-337
11-39-728
28-39-727
35-36-950
3-27-607
41-22-446
38-32-637
6-3-62
35-4-188
13-46-1043
41-5-250
42-7-107
46-14-278
32-28-847
24-7-106
18-2-43
43-44-915
46-38-980
41-36-937
18-11-237
35-8-213
25-22-465
18-28-855
18-39-725
19-44-912
24-22-442
18-16-362
40-3-62
22-4-188
18-2-57
3-46-1043
16-46-1040
14-38-985
18-8-192
3-11-921
16-45-989
41-45-1011
16-25-502
14-45-1014
16-14-278
32-16-374
19-26-552
11-45-1012
24-7-106
7-46-1020
3-11-922
25-2-43
40-36-948
18-27-586
43-44-915
18-4-182
40-36-937
14-13-312
35-8-213
44-28-853
11-4-159
16-25-506
16-3-87
45-44-905
18-28-855
40-2-60
40-2-50
38-39-725
40-25-505
16-4-168
16-44-912
25-22-442
40-27-600
16-15-336
43-44-910
41-36-937
22-11-237
25-44-912
3-34-668
18-22-455
26-7-115
32-6-127
44-22-438
19-8-204
18-11-916
25-13-295
22-43-880
14-16-367
25-8-215
3-32-640
11-14-274
25-16-369
35-6-247
24-13-288
14-22-466
35-34-668
18-35-693
44-46-1036
46-22-455
3-6-138
44-35-688
44-4-171
19-7-115
16-6-127
16-13-314
16-8-204
18-13-295
14-38-984
40-4-166
3-15-335
18-35-702
45-22-448
14-3-68
44-4-175
18-16-367
16-26-555
44-4-174
27-2-47
16-46-1037
3-28-841
3-42-817
3-8-215
27-13-308
14-32-640
3-24-493
25-7-117
46-45-1004
18-32-635
18-2-46
24-14-274
40-39-711
18-27-598
25-4-162
18-2-52
19-42-825
25-7-120
36-8-217
36-8-212
3-6-124
25-41-794
18-27-604
3-6-247
4-13-288
16-22-466
42-8-204
38-16-367
13-8-215
11-18-375
3-34-673
25-15-330
19-46-1042
26-43-875
43-22-464
18-22-459
40-7-104
22-44-914
36-8-216
43-36-946
11-13-285
11-13-286
41-36-939
25-36-947
3-35-684
28-32-641
13-32-642
14-3-61
18-22-462
35-22-452
44-6-123
36-43-878
44-19-410
25-15-330
18-46-1042
18-22-460
18-35-690
18-43-875
25-15-340
40-35-694
25-45-988
14-35-680
18-2-56
18-6-131
18-22-459
40-46-1021
18-39-721
18-39-726
18-11-232
16-36-946
40-46-1034
18-2-42
38-14-277
14-3-65
18-39-719
16-36-939
18-35-684
18-32-641
18-39-723
14-35-705
16-4-161
40-32-642
3-46-1044
16-32-636
40-3-88
40-22-462
14-6-123
40-43-878
19-35-697
18-2-32
40-2-58
11-32-634
18-38-983
40-39-708
27-46-1042
13-44-914
27-36-946
25-13-285
11-22-457
25-46-1041
41-36-949
25-26-544
27-11-236
18-2-39
18-35-696
13-28-844
22-6-238
26-43-884
14-46-1039
3-22-458
45-46-1045
25-44-904
16-15-316
18-46-1033
44-22-457
3-34-652
6-28-848
40-46-1030
26-4-170
16-46-1041
18-3-83
40-36-949
3-26-548
16-4-164
3-35-678
45-15-334
14-4-160
44-4-177
18-11-236
16-3-90
16-39-724
18-35-696
32-28-844
16-39-729
3-15-344
3-34-655
25-7-119
16-39-712
18-19-423
3-11-918
44-43-884
22-4-183
3-39-720
40-4-181
3-14-273
16-4-163
18-46-1039
18-8-214
40-41-788
45-46-1045
3-2-55
44-6-244
3-46-1038
18-15-316
25-7-97
2-18-378
18-35-696
26-43-884
36-46-1039
15-46-1033
14-3-61
16-7-115
38-14-274
36-43-878
13-46-1043
13-28-846
6-3-62
22-6-238
18-32-641
14-46-1039
3-44-887
11-39-727
38-32-637
14-34-675
18-39-719
18-2-56
18-8-212
40-41-787
18-7-115
40-43-878
18-16-360
3-46-1043
3-34-652
3-26-545
18-39-722
16-3-90
40-46-1034
40-16-371
40-41-789
45-15-334
3-36-954
40-35-702
18-28-846
40-3-62
40-39-712
16-39-729
40-46-1021
16-46-1040
40-13-312
25-7-119
3-32-635
16-32-641
44-46-1039
3-44-887
14-34-653
18-39-726
18-39-727
25-32-637
40-13-314
7-15-336
22-4-183
18-46-1038
18-16-361
40-41-794
2-18-378
22-46-1034
22-46-1039
38-32-637
25-8-215
35-4-188
35-22-461
25-15-330
18-2-39
41-36-937
16-15-316
46-14-278
40-8-204
35-6-247
25-16-369
36-8-216
41-36-939
44-22-438
19-44-912
16-22-466
22-43-880
25-22-441
13-28-844
25-22-465
25-7-120
22-26-547
38-14-277
11-5-576
18-8-215
22-27-587
3-26-542
3-6-136
36-26-555
18-45-1002
16-7-98
16-4-163
16-26-551
41-26-549
18-4-186
16-3-71
19-4-188
25-4-173
38-22-450
3-40-759
16-22-461
18-15-330
22-32-632
13-2-52
41-36-937
41-2-54
3-4-159
18-15-316
3-42-817
16-14-278
16-4-164
25-32-627
15-13-287
44-41-788
3-44-886
35-28-850
16-11-234
3-11-925
16-35-690
40-8-204
3-6-138
27-39-724
35-6-247
35-6-244
18-40-761
3-22-447
3-11-918
22-27-592
16-35-680
18-27-608
16-3-66
40-27-604
28-38-978
16-2-55
25-11-229
14-22-438
18-39-723
3-11-218
16-44-912
38-19-433
25-22-466
16-25-517
16-39-708
18-4-187
3-22-441
25-22-444
35-6-246
46-45-1004
18-2-46
46-4-175
18-6-243
16-28-844
25-22-465
13-8-215
41-36-937
42-8-204
41-36-939
13-32-642
22-44-914
24-13-288
35-22-452
44-6-123
18-46-1033
22-16-367
36-5-251
25-36-947
35-19-410
18-39-728
43-22-464
43-44-915
25-46-1030
3-35-679
18-46-1036
25-32-642
16-45-989
18-43-875
18-45-1014
18-35-678
40-2-50
16-36-949
16-13-288
35-2-45
18-2-37
3-46-1045
18-28-845
44-6-123
25-14-273
46-38-985
16-46-1033
18-2-49
40-16-367
27-2-42
18-32-633
18-35-705
14-39-728
16-4-171
6-26-546
16-4-178
18-13-313
36-27-595
42-15-344
43-44-915
3-28-841
16-39-711
18-39-733
40-39-706
3-46-1030
25-15-337
44-15-318
36-8-214
13-44-914
15-46-1033
22-16-367
32-22-437
18-11-916
18-11-236
18-11-237
18-22-455
18-35-696
3-32-640
40-7-104
35-8-213
13-36-946
32-38-983
16-15-342
44-3-86
18-2-43
18-22-460
25-7-116
3-35-684
44-43-884
40-7-101
35-19-423
40-3-88
3-15-343
36-15-329
40-7-117
36-46-1037
40-45-1010
18-11-232
18-34-667
18-2-51
6-32-624
40-11-236
40-46-1026
40-32-628
18-2-57
26-22-455
40-44-905
13-2-40
40-27-611
18-27-603
40-22-443
25-43-862
18-39-732
16-32-620
36-32-640
40-42-810
25-7-104
16-38-975
3-4-168
40-8-213
16-36-946
45-38-983
40-39-734
13-4-182
40-15-342
40-35-694
44-22-457
18-3-83
40-3-86
3-2-43
25-19-418
35-13-306
18-22-460
16-32-634
40-7-113
3-7-116
16-32-626
40-45-1009
18-46-1035
18-35-684
40-45-1011
44-22-456
26-43-884
41-45-1010
34-11-237
18-35-696
44-3-86
18-16-362
18-22-459
19-46-1042
41-22-446
19-38-979
18-22-462
25-13-295
25-44-904
3-46-1041
3-34-668
46-38-980
35-36-950
32-28-847
16-4-160
18-35-693
3-4-161
18-39-725
13-15-335
36-27-601
14-3-68
14-13-286
40-46-1042
6-39-730
16-25-500
24-22-454
18-6-131
3-39-720
40-2-47
18-41-793
18-8-192
6-28-848
45-22-446
25-7-97
16-15-340
19-38-979
6-22-462
18-13-295
40-44-904
16-46-1041
3-34-668
44-4-169
18-39-721
40-4-181
43-26-552
3-46-1044
3-27-600
46-27-598
11-22-448
16-6-240
44-4-177
24-7-106
25-7-108
16-4-160
45-15-333
40-39-731
3-34-655
25-35-693
18-4-185
11-2-32
11-4-162
19-35-697
16-4-161
38-39-725
11-18-375
27-46-1042
41-22-446
16-46-1041
16-46-1044
3-4-161
35-22-452
16-39-725
36-43-869
25-22-441
25-36-947
41-36-937
19-46-1042
11-22-465
46-38-980
22-43-880
6-3-62
3-34-668
18-39-728
13-46-1043
16-26-547
24-22-454
14-38-985
18-39-725
14-35-680
45-15-334
3-35-678
18-4-185
16-35-693
14-2-51
3-27-607
18-11-233
40-15-337
11-2-32
44-46-1042
36-8-214
40-39-733
14-34-663
25-22-448
25-22-465
16-26-555
16-39-728
18-3-83
3-46-1043
3-34-652
16-7-120
11-18-375
41-36-937
27-46-1042
22-44-914
16-7-115
14-34-675
43-22-464
18-22-459
36-8-216
25-7-116
13-28-846
3-35-684
18-32-641
13-28-844
16-15-316
25-38-979
18-22-456
13-32-642
44-22-438
19-44-912
18-22-460
3-46-1041
18-35-696
38-32-637
40-8-204
46-28-847
14-34-653
42-15-344
3-44-914
3-7-115
26-44-910
25-38-983
3-26-550
16-3-90
18-22-459
40-43-862
18-2-42
40-39-711
18-45-1014
18-39-719
18-28-855
40-34-666
11-6-247
18-28-846
14-35-684
18-32-641
16-32-636
14-3-71
16-4-188
18-13-312
6-28-848
44-22-458
32-28-844
38-22-456
11-32-642
25-22-438
3-28-841
16-44-912
18-22-460
25-22-442
36-27-601
16-46-1041
36-4-179
25-32-637
18-19-433
46-45-1004
45-8-204
18-8-192
13-44-914
15-7-115
13-28-844
26-43-884
32-35-696
38-32-637
42-8-204
18-22-462
22-6-238
43-36-948
44-6-123
18-32-634
25-8-215
45-46-1045
43-44-915
25-15-330
11-39-727
22-16-367
18-22-455
46-14-275
46-14-276
43-36-944
16-15-336
18-39-722
18-22-462
18-8-212
22-4-183
18-36-948
3-6-123
11-32-634
40-39-730
14-38-984
18-3-84
13-15-335
18-2-58
18-8-215
44-4-174
45-46-1045
40-39-731
3-36-940
18-4-168
41-45-1011
16-3-87
18-39-729
3-6-124
18-32-635
14-3-68
43-44-915
40-36-949
25-15-330
18-39-727
22-15-333
40-16-367
26-22-455
18-14-276
13-15-338
18-36-944
41-7-113
22-44-902
13-8-215
3-34-673
2-18-378
22-16-367
18-16-362
41-22-446
18-11-237
18-2-45
25-13-295
38-14-274
41-36-939
25-16-369
25-44-904
36-43-878
18-11-916
18-2-39
14-3-61
18-2-43
43-36-946
14-46-1034
16-22-466
40-7-104
44-3-86
18-2-57
40-42-802
18-39-726
18-11-232
18-4-177
18-16-362
35-22-446
3-46-1044
18-2-45
18-13-295
18-2-49
18-4-170
8-36-939
14-35-689
18-13-314
40-43-878
44-2-60
40-4-181
18-11-916
44-6-136
18-39-723
18-2-39
18-2-52
18-3-61
3-28-845
18-35-688
3-46-1021
3-6-139
3-26-545
25-2-43
3-26-552
16-36-946
3-4-171
3-15-340
25-7-119
40-39-712
18-2-55
40-46-1034
16-22-466
14-22-457
40-39-706
25-7-104
18-13-313
16-35-702
40-2-47
18-46-1036
11-4-159
41-22-446
22-11-237
41-36-939
44-3-86
3-32-640
46-14-273
24-13-288
44-19-410
16-4-160
35-36-950
35-8-213
16-15-342
27-11-236
35-22-461
3-4-161
38-14-277
35-14-278
22-45-1013
3-35-679
38-46-1039
18-46-1033
18-32-640
16-35-704
16-38-978
40-39-709
16-6-244
35-2-56
44-4-162
18-39-721
40-2-59
16-39-724
46-14-273
25-13-288
18-6-246
3-45-1009
16-46-1038
24-19-410
18-32-633
40-36-951
16-4-160
16-4-175
16-36-950
3-6-122
19-45-1015
16-4-176
18-27-604
40-8-213
3-6-138
16-4-182
27-46-1040
16-15-339
3-34-655
19-35-697
19-39-720
16-19-423
18-2-37
18-11-236
41-27-600
22-45-986
32-4-173
18-34-664
36-13-285
18-43-875
32-13-307
16-4-161
22-26-546
38-14-277
18-26-538
16-13-305
18-2-46
18-14-278
16-11-922
36-27-603
40-11-921
16-32-632
36-41-793
18-39-715
16-27-598
5-39-732
44-4-169
40-46-1039
16-45-1005
16-46-1033
16-42-816
25-22-447
32-13-306
3-4-161
36-46-1039
15-46-1033
